run xor4: 4-bit `xor` on 5 slots, grid 30 x 24, 192 train pairs / 64 held out
  stencil half-width 7 (reach 7 cells, 1.2 slots), orders (0, 0, 0, 1, 1, 2), C 6
  window 16  batch 8  pool 64  settle 12
  also evaluated, never trained, at slots [9, 17]
  reach pinned to 7 cells, so the export bakes exactly
  183 trainable numbers against 256 input pairs at this width
  it      0  loss 0.01689  force   12.0  beta 0.35  lam +0.00  age~1  bit 0.51/0.47/0.45/0.44/0.44/0.41  exact 0.00/0.00/0.00/0.00/0.00/0.00  held-out 0.46/0.03  s9:0.47/0.00  s17:0.50/0.00  0.30s/it  *best*
  it    100  loss 0.01694  force   16.2  beta 0.46  lam +0.00  age~41  bit 0.61/0.61/0.61/0.61/0.61/0.61  exact 0.09/0.09/0.09/0.09/0.09/0.09  held-out 0.64/0.06  s9:0.47/0.00  s17:0.50/0.00  0.38s/it  *best*
  it    200  loss 0.01556  force   20.4  beta 0.57  lam +0.00  age~42  bit 0.56/0.62/0.46/0.44/0.51/0.51  exact 0.03/0.09/0.03/0.06/0.12/0.03  held-out 0.52/0.06  s9:0.47/0.00  s17:0.50/0.00  0.37s/it
  it    300  loss 0.01534  force   20.0  beta 0.56  lam +0.00  age~39  bit 0.55/0.56/0.56/0.61/0.47/0.47  exact 0.09/0.12/0.12/0.16/0.03/0.03  held-out 0.36/0.00  s9:0.47/0.00  s17:0.50/0.00  0.35s/it
  it    400  loss 0.01540  force   20.7  beta 0.58  lam +0.00  age~39  bit 0.62/0.60/0.59/0.57/0.49/0.60  exact 0.12/0.12/0.09/0.03/0.03/0.09  held-out 0.60/0.09  s9:0.47/0.00  s17:0.50/0.00  0.31s/it  *best*
  it    500  loss 0.01462  force   22.3  beta 0.64  lam +0.00  age~40  bit 0.55/0.57/0.57/0.57/0.58/0.61  exact 0.03/0.03/0.09/0.09/0.09/0.09  held-out 0.62/0.06  s9:0.51/0.00  s17:0.51/0.00  0.29s/it
  it    600  loss 0.01423  force   23.9  beta 0.72  lam +0.00  age~39  bit 0.57/0.58/0.56/0.56/0.59/0.60  exact 0.03/0.03/0.03/0.03/0.09/0.09  held-out 0.57/0.03  s9:0.51/0.00  s17:0.51/0.00  0.30s/it
  it    700  loss 0.01244  force   25.4  beta 0.78  lam +0.00  age~38  bit 0.61/0.61/0.59/0.60/0.59/0.61  exact 0.09/0.09/0.09/0.09/0.09/0.09  held-out 0.61/0.06  s9:0.51/0.00  s17:0.51/0.00  0.29s/it
  it    800  loss 0.01154  force   25.8  beta 0.80  lam +0.00  age~36  bit 0.59/0.57/0.59/0.61/0.60/0.61  exact 0.09/0.09/0.09/0.09/0.09/0.09  held-out 0.56/0.00  s9:0.51/0.00  s17:0.51/0.00  0.28s/it
  it    900  loss 0.00985  force   26.7  beta 0.82  lam +0.00  age~38  bit 0.63/0.63/0.64/0.63/0.62/0.60  exact 0.09/0.09/0.09/0.09/0.09/0.09  held-out 0.58/0.00  s9:0.51/0.00  s17:0.51/0.00  0.27s/it
  it   1000  loss 0.00945  force   26.4  beta 0.81  lam +0.00  age~45  bit 0.64/0.64/0.61/0.59/0.59/0.58  exact 0.09/0.09/0.09/0.09/0.09/0.09  held-out 0.57/0.03  s9:0.58/0.00  s17:0.53/0.00  0.26s/it
  it   1100  loss 0.01003  force   27.3  beta 0.83  lam -1.39  age~36  bit 0.63/0.63/0.62/0.64/0.64/0.59  exact 0.09/0.09/0.09/0.09/0.12/0.12  held-out 0.53/0.03  s9:0.58/0.00  s17:0.53/0.00  0.27s/it
  it   1200  loss 0.00817  force   27.3  beta 0.84  lam +0.74  age~37  bit 0.70/0.70/0.70/0.68/0.61/0.61  exact 0.12/0.09/0.12/0.19/0.16/0.09  held-out 0.60/0.06  s9:0.58/0.00  s17:0.53/0.00  0.26s/it
  it   1300  loss 0.00773  force   28.0  beta 0.86  lam +0.00  age~40  bit 0.83/0.86/0.83/0.72/0.67/0.52  exact 0.34/0.44/0.28/0.19/0.12/0.03  held-out 0.51/0.00  s9:0.58/0.00  s17:0.53/0.00  0.26s/it
