run add4: 4-bit `add` on 5 slots, grid 30 x 24, 192 train pairs / 64 held out
  stencil half-width 7 (reach 7 cells, 1.2 slots), orders (0, 0, 0, 1, 1, 2), C 6
  window 16  batch 8  pool 64  settle 24
  also evaluated, never trained, at slots [9, 17]
  189 trainable numbers against 256 input pairs at this width
/home/user/field-life/train/fieldlife.py:394: UserWarning: Converting a tensor with requires_grad=True to a scalar may lead to unexpected behavior.
Consider using tensor.detach() first. (Triggered internally at /__w/pytorch/pytorch/torch/csrc/autograd/generated/python_variable_methods.cpp:822.)
  return torch.stack([_finish(v[c], KR, self.feather, True, RR=float(R[c]))
  it      0  loss 0.01681  force   12.0  beta 0.35  lam +0.00  age~1  bit 0.61/0.54/0.49/0.47/0.46/0.46  exact 0.06/0.00/0.00/0.00/0.00/0.00  held-out 0.49/0.00  s9:0.48/0.00  s17:0.54/0.00  0.22s/it  *best*
  it    100  loss 0.01707  force   14.5  beta 0.27  lam -0.04  age~41  bit 0.47/0.44/0.44/0.44/0.44/0.44  exact 0.00/0.00/0.00/0.00/0.00/0.00  held-out 0.49/0.00  s9:0.48/0.00  s17:0.54/0.00  0.33s/it  *best*
  it    200  loss 0.01698  force   19.3  beta 0.29  lam +0.00  age~42  bit 0.46/0.55/0.56/0.56/0.56/0.56  exact 0.03/0.03/0.03/0.03/0.03/0.03  held-out 0.53/0.00  s9:0.48/0.00  s17:0.54/0.00  0.27s/it  *best*
  it    300  loss 0.01611  force   21.4  beta 0.32  lam +0.00  age~39  bit 0.45/0.49/0.49/0.51/0.59/0.49  exact 0.03/0.09/0.06/0.06/0.09/0.06  held-out 0.51/0.03  s9:0.48/0.00  s17:0.54/0.00  0.25s/it  *best*
  it    400  loss 0.01584  force   22.6  beta 0.34  lam +0.00  age~39  bit 0.50/0.46/0.42/0.46/0.46/0.49  exact 0.03/0.03/0.03/0.06/0.06/0.06  held-out 0.51/0.03  s9:0.48/0.00  s17:0.54/0.00  0.24s/it  *best*
  it    500  loss 0.01568  force   25.9  beta 0.39  lam +0.00  age~40  bit 0.52/0.47/0.51/0.56/0.54/0.54  exact 0.09/0.12/0.09/0.16/0.03/0.03  held-out 0.53/0.06  s9:0.50/0.00  s17:0.48/0.00  0.24s/it  *best*
  it    600  loss 0.01503  force   28.8  beta 0.44  lam +0.00  age~39  bit 0.56/0.54/0.57/0.52/0.56/0.54  exact 0.03/0.03/0.03/0.06/0.03/0.00  held-out 0.56/0.00  s9:0.50/0.00  s17:0.48/0.00  0.26s/it
  it    700  loss 0.01471  force   29.7  beta 0.45  lam +0.00  age~38  bit 0.57/0.57/0.62/0.61/0.57/0.49  exact 0.09/0.06/0.06/0.06/0.06/0.03  held-out 0.56/0.00  s9:0.50/0.00  s17:0.48/0.00  0.26s/it
  it    800  loss 0.01491  force   30.7  beta 0.46  lam +0.00  age~36  bit 0.56/0.54/0.59/0.51/0.52/0.56  exact 0.09/0.06/0.03/0.06/0.12/0.03  held-out 0.60/0.09  s9:0.50/0.00  s17:0.48/0.00  0.26s/it  *best*
  it    900  loss 0.01388  force   31.1  beta 0.47  lam +0.00  age~38  bit 0.57/0.53/0.51/0.54/0.48/0.49  exact 0.09/0.00/0.03/0.12/0.06/0.03  held-out 0.56/0.09  s9:0.50/0.00  s17:0.48/0.00  0.26s/it
  it   1000  loss 0.01395  force   31.9  beta 0.48  lam +0.00  age~45  bit 0.49/0.51/0.51/0.49/0.47/0.53  exact 0.03/0.03/0.00/0.00/0.03/0.03  held-out 0.53/0.00  s9:0.47/0.00  s17:0.49/0.00  0.25s/it
  it   1100  loss 0.01593  force   31.7  beta 0.48  lam +0.00  age~36  bit 0.50/0.46/0.50/0.51/0.44/0.47  exact 0.03/0.03/0.06/0.03/0.00/0.03  held-out 0.50/0.00  s9:0.47/0.00  s17:0.49/0.00  0.29s/it
  it   1200  loss 0.01472  force   32.0  beta 0.49  lam +0.00  age~37  bit 0.54/0.54/0.54/0.57/0.49/0.44  exact 0.09/0.03/0.09/0.06/0.03/0.03  held-out 0.54/0.00  s9:0.47/0.00  s17:0.49/0.00  0.29s/it
  it   1300  loss 0.01528  force   32.1  beta 0.49  lam +0.00  age~40  bit 0.52/0.54/0.44/0.44/0.54/0.57  exact 0.06/0.09/0.03/0.03/0.03/0.09  held-out 0.53/0.00  s9:0.47/0.00  s17:0.49/0.00  0.29s/it
